Foo (0x00000000, 0x00000000) = 0x00000000
Foo (0x00000001, 0x00000000) = 0x00000001
Foo (0x00000001, 0x00000001) = 0x00000001
Foo (0xaaaaaaaa, 0x00000000) = 0xaaaaaaaa
Foo (0xaaaaaaaa, 0x55555555) = 0xffffffff
Foo (0xaaaaaaaa, 0xffffffff) = 0xffffffff
Foo (0xffffffff, 0x00000000) = 0xffffffff
Foo (0xffffffff, 0x00000001) = 0xffffffff
Foo (0xffffffff, 0xffffffff) = 0xffffffff
