length([]) = 0
length([1]) = 1
length([1, 2]) = 2
length([0, 1, 2, 3, 4, ..., 9995, 9996, 9997, 9998, 9999]) = 10000
