Foo (0x00000000) = 0xffffffff
Foo (0x00000001) = 0xfffffffe
Foo (0x7fffffff) = 0x80000000
Foo (0x80000000) = 0x7fffffff
Foo (0xffffffff) = 0x00000000
