Foo (0x00000000) = 0x0000000000000000
Foo (0x00000001) = 0x0000000000000001
Foo (0x7fffffff) = 0x000000007fffffff
Foo (0x80000000) = 0x0000000080000000
Foo (0xffffffff) = 0x00000000ffffffff
