Foo (-6, 5) = -1
Foo (-5, 5) = 0
Foo (-4, 5) = -4
Foo (-1, 5) = -1
Foo (0, 5) = 0
Foo (1, 5) = 1
Foo (4, 5) = 4
Foo (5, 5) = 0
Foo (6, 5) = 1
Foo (-6, -5) = -1
Foo (-5, -5) = 0
Foo (-4, -5) = -4
Foo (-1, -5) = -1
Foo (0, -5) = 0
Foo (1, -5) = 1
Foo (4, -5) = 4
Foo (5, -5) = 0
Foo (6, -5) = 1
