Count_Digits (0) = 1
Count_Digits (1) = 1
Count_Digits (9) = 1
Count_Digits (10) = 2
Count_Digits (11) = 2
Count_Digits (99) = 2
Count_Digits (100) = 3
Count_Digits (101) = 3
