Foo (-10) = 0
Foo (-1) = 0
Foo (0) = 0
Foo (1) = 1
Foo (10) = 10
