Identity (0) = 0
Identity (1) = 1
Identity (2) = 2
Identity (10) = 10
Identity (100) = 100
Identity (1000) = 1000
