opposite(-1) = 1
opposite(0) = 0
opposite(1) = -1
