case(0) = 1
case(1) = 2
case(2) = 3
case(3) = 0
case(4) = 5
