Foo (-1) = 0
Foo (0) = 0
Foo (1) = 1
Foo (4) = 30
Foo (8) = 204
