Opposite (-1) = 1
Opposite (0) = 0
Opposite (1) = -1
