Foo (-10) = -9
Foo (-1) = 0
Foo (0) = 1
Foo (1) = 2
Foo (10) = 11
