Foo (-1) = -1
Foo (0) = 0
Foo (1) = 1
Foo (4) = 4
Foo (8) = 8
