case(0) = 1
case(10) = 2
case(20) = 3
case(32) = 4
case(40) = 5
