Foo(A => 1, B => 2, C => 1, D => 2, Equality => False) = False
Foo(A => 1, B => 2, C => 1, D => 2, Equality => True) = True

Foo(A => 1, B => 2, C => 1, D => 3, Equality => False) = True
Foo(A => 1, B => 2, C => 1, D => 3, Equality => True) = False

Foo(A => 1, B => 2, C => 3, D => 2, Equality => False) = True
Foo(A => 1, B => 2, C => 3, D => 2, Equality => True) = False

