Foo (0x00000000, 0) = 0x00000000
Foo (0x00000000, 1) = 0x00000000
Foo (0x00000000, 32) = 0x00000000
Foo (0x00000001, 0) = 0x00000001
Foo (0x00000001, 1) = 0x00000002
Foo (0x00000001, 31) = 0x80000000
Foo (0x00000001, 32) = 0x00000000
Foo (0x12345678, 0) = 0x12345678
Foo (0x12345678, 4) = 0x23456780
Foo (0x12345678, 1) = 0x2468acf0
Foo (0x12345678, 31) = 0x00000000
Foo (0x12345678, 32) = 0x00000000
