discr_dyn.adb:12:07: warning: variable "A_Inst" is read but never assigned
12
