Call: fact (0, f1, f2)
  -> f1=0, f2=0
Call: fact (1, f1, f2)
  -> f1=1, f2=1
Call: fact (2, f1, f2)
  -> f1=2, f2=1
Call: fact (56, f1, f2)
  -> f1=8, f2=7
Call: fact (101, f1, f2)
  -> f1=0, f2=0
