identity(-1) = -1
identity(0) = 0
identity(1) = 1
