Test_Address (1) = 1
Test_Address (2) = 3
Test_Address (-3) = 0
Test_Address (2) = 2
