Foo (True, False, -6) = 4
Foo (True, False, -5) = 0
Foo (True, False, -4) = 1
Foo (True, False, -1) = 4
Foo (True, False, 0) = 0
Foo (True, False, 1) = 1
Foo (True, False, 4) = 4
Foo (True, False, 5) = 0
Foo (True, False, 6) = 1
Foo (True, True, -6) = -1
Foo (True, True, -5) = 0
Foo (True, True, -4) = -4
Foo (True, True, -1) = -1
Foo (True, True, 0) = 0
Foo (True, True, 1) = -4
Foo (True, True, 4) = -1
Foo (True, True, 5) = 0
Foo (True, True, 6) = -4
Foo (False, False, -6) = -1
Foo (False, False, -5) = 0
Foo (False, False, -4) = -4
Foo (False, False, -1) = -1
Foo (False, False, 0) = 0
Foo (False, False, 1) = 1
Foo (False, False, 4) = 4
Foo (False, False, 5) = 0
Foo (False, False, 6) = 1
Foo (False, True, -6) = -1
Foo (False, True, -5) = 0
Foo (False, True, -4) = -4
Foo (False, True, -1) = -1
Foo (False, True, 0) = 0
Foo (False, True, 1) = 1
Foo (False, True, 4) = 4
Foo (False, True, 5) = 0
Foo (False, True, 6) = 1
