Fact (0) = 1
Fact (1) = 1
Fact (2) = 2
Fact (4) = 24
Fact (6) = 720
